go : # github.com/Elysi
an-Rebirth/backend-go/i
nternal/usecase/auth
At line:1 char:1
+ go build ./... > 
build_errors.txt 2>&1; 
Get-Content 
build_errors.txt
+ ~~~~~~~~~~~~~~~~~~~~~
~~~~~~~~~~~~~~~~~
    + CategoryInfo     
         : NotSpecifi  
  ed: (# github.com/   
 El...al/usecase/au    
th:String) [], Rem    
oteException
    + FullyQualifiedEr 
   rorId : NativeComm  
  andError
 
internal\usecase\auth\a
uth_usecase.go:93:3: 
unknown field Name in 
struct literal of type 
domain.User
internal\usecase\auth\a
uth_usecase.go:102:52: 
cannot use user.ID 
(variable of array 
type uuid.UUID) as 
string value in 
argument to uc.jwtSvc.G
enerateAccessToken
internal\usecase\auth\a
uth_usecase.go:107:54: 
cannot use user.ID 
(variable of array 
type uuid.UUID) as 
string value in 
argument to uc.jwtSvc.G
enerateRefreshToken
internal\usecase\auth\a
uth_usecase.go:134:52: 
cannot use user.ID 
(variable of array 
type uuid.UUID) as 
string value in 
argument to uc.jwtSvc.G
enerateAccessToken
internal\usecase\auth\a
uth_usecase.go:139:54: 
cannot use user.ID 
(variable of array 
type uuid.UUID) as 
string value in 
argument to uc.jwtSvc.G
enerateRefreshToken
internal\usecase\auth\a
uth_usecase.go:150:7: 
user.LastLoginAt 
undefined (type 
*domain.User has no 
field or method 
LastLoginAt)
internal\usecase\auth\a
uth_usecase.go:176:55: 
cannot use user.ID 
(variable of array 
type uuid.UUID) as 
string value in 
argument to uc.jwtSvc.G
enerateAccessToken
internal\usecase\auth\a
uth_usecase.go:181:57: 
cannot use user.ID 
(variable of array 
type uuid.UUID) as 
string value in 
argument to uc.jwtSvc.G
enerateRefreshToken
# github.com/Elysian-Re
birth/backend-go/intern
al/usecase/workflow
internal\usecase\workfl
ow\workflow_usecase.go:
22:14: undefined: domai
n.WorkflowRepository
internal\usecase\workfl
ow\workflow_usecase.go:
25:37: undefined: domai
n.WorkflowRepository
internal\usecase\workfl
ow\workflow_usecase.go:
31:3: unknown field 
UserID in struct 
literal of type 
domain.Workflow
internal\usecase\workfl
ow\workflow_usecase.go:
33:3: unknown field 
Description in struct 
literal of type 
domain.Workflow
internal\usecase\workfl
ow\workflow_usecase.go:
34:3: unknown field 
IsPublic in struct 
literal of type 
domain.Workflow
internal\usecase\workfl
ow\workflow_usecase.go:
35:23: undefined: domai
n.WorkflowStatusDraft
internal\usecase\workfl
ow\workflow_usecase.go:
75:21: undefined: 
domain.WorkflowNode
internal\usecase\workfl
ow\workflow_usecase.go:
76:21: undefined: 
domain.WorkflowEdge
internal\usecase\workfl
ow\workflow_usecase.go:
92:32: undefined: 
domain.WorkflowNode
internal\usecase\workfl
ow\workflow_usecase.go:
111:32: undefined: 
domain.WorkflowEdge
internal\usecase\workfl
ow\workflow_usecase.go:
111:32: too many errors
# github.com/Elysian-Re
birth/backend-go/intern
al/repository/postgres
internal\repository\pos
tgres\workflow_reposito
ry.go:87:97: 
undefined: 
domain.WorkflowNode
internal\repository\pos
tgres\workflow_reposito
ry.go:87:126: 
undefined: 
domain.WorkflowEdge
internal\repository\pos
tgres\workflow_reposito
ry.go:90:68: 
undefined: 
domain.WorkflowEdge
internal\repository\pos
tgres\workflow_reposito
ry.go:95:68: 
undefined: 
domain.WorkflowNode
internal\repository\pos
tgres\role_repository.g
o:74:18: invalid 
operation: 
"auth:rbac:" + 
tu.TenantID 
(mismatched types 
untyped string and 
uuid.UUID)
internal\repository\pos
tgres\role_repository.g
o:99:18: invalid 
operation: 
"auth:rbac:" + 
tu.TenantID 
(mismatched types 
untyped string and 
uuid.UUID)
internal\repository\pos
tgres\role_repository.g
o:118:13: cannot use 
tenantID (variable of 
type string) as 
uuid.UUID value in 
struct literal
internal\repository\pos
tgres\role_repository.g
o:119:13: cannot use 
userID (variable of 
type string) as 
uuid.UUID value in 
struct literal
internal\repository\pos
tgres\role_repository.g
o:120:13: cannot use 
roleID (variable of 
type string) as 
*uuid.UUID value in 
struct literal
# github.com/Elysian-Re
birth/backend-go/intern
al/usecase/engine
internal\usecase\engine
\engine.go:62:23: 
wf.Nodes undefined 
(type *domain.Workflow 
has no field or method 
Nodes)
internal\usecase\engine
\engine.go:68:36: 
undefined: 
domain.WorkflowNode
internal\usecase\engine
\engine.go:70:26: 
wf.Nodes undefined 
(type *domain.Workflow 
has no field or method 
Nodes)
internal\usecase\engine
\engine.go:75:26: 
wf.Edges undefined 
(type *domain.Workflow 
has no field or method 
Edges)
internal\usecase\engine
\engine.go:154:26: 
wf.Nodes undefined 
(type *domain.Workflow 
has no field or method 
Nodes)
internal\usecase\engine
\engine.go:158:26: 
wf.Edges undefined 
(type *domain.Workflow 
has no field or method 
Edges)
internal\usecase\engine
\engine.go:172:83: 
undefined: 
domain.WorkflowNode
