=== RUN   TestWorkflowEngine_ValidDAG
--- PASS: TestWorkflowEngine_ValidDAG (0.00s)
=== RUN   TestWorkflowEngine_CycleDetection
--- PASS: TestWorkflowEngine_CycleDetection (0.00s)
=== RUN   TestWorkflowEngine_MissingHandler
--- PASS: TestWorkflowEngine_MissingHandler (0.00s)
PASS
ok  	github.com/Elysian-Rebirth/backend-go/internal/usecase/engine	(cached)
